Microchip MPLAB XC8 Compiler V1.20 ()

Linker command line:

--edf=C:\Program Files (x86)\Microchip\xc8\v1.20\dat\en_msgs.txt -cs \
  -h+dist/default/production\Chip-Burner.X.production.sym \
  --cmf=dist/default/production\Chip-Burner.X.production.cmf -z -Q18F4550 \
  -oC:\Users\RUDARO~1\AppData\Local\Temp\su4.6 \
  -Mdist/default/production/Chip-Burner.X.production.map -E1 -ver=XC8 \
  -ACODE=02000h-07FFFh -ACONST=02000h-07FFFh -ASMALLCONST=02000h-020FFhx96 \
  -AMEDIUMCONST=02000h-07FFFh -ACOMRAM=01h-05Fh -AABS1=00h-07FFh \
  -ABIGRAM=01h-07FFh -ARAM=060h-0FFh,0100h-01FFhx7 -ABANK0=060h-0FFh \
  -ABANK1=0100h-01FFh -ABANK2=0200h-02FFh -ABANK3=0300h-03FFh \
  -ABANK4=0400h-04FFh -ABANK5=0500h-05FFh -ABANK6=0600h-06FFh \
  -ABANK7=0700h-07FFh -ASFR=0F60h-0FFFh \
  -preset_vec=02000h,intcode,intcodelo,powerup,init,end_init -pramtop=0800h \
  -psmallconst=SMALLCONST -pmediumconst=MEDIUMCONST -pconst=CONST \
  -AFARRAM=00h-00h -ACONFIG=0300000h-030000Dh -pconfig=CONFIG \
  -AIDLOC=0200000h-0200007h -pidloc=IDLOC -AEEDATA=0F00000h-0F000FFh \
  -peeprom_data=EEDATA \
  -prdata=COMRAM,nvrram=COMRAM,nvbit=COMRAM,rbss=COMRAM,rbit=COMRAM \
  -pfarbss=FARRAM,fardata=FARRAM,nvFARRAM=FARRAM \
  -pintsave_regs=BIGRAM,bigbss=BIGRAM,bigdata=BIGRAM -pbss=RAM \
  -pidata=CODE,irdata=CODE,ibigdata=CODE,ifardata=CODE \
  C:\Users\RUDARO~1\AppData\Local\Temp\su4.obj \
  dist/default/production\Chip-Burner.X.production.obj 

Object code version is 3.11

Machine type is 18F4550

Call graph: (short form)




                Name                               Link     Load   Length Selector   Space Scale
C:\Users\RUDARO~1\AppData\Local\Temp\su4.obj
                end_init                           2000     2000        4     1000       0
dist/default/production\Chip-Burner.X.production.obj
                smallconst                         2004     2004       42     1002       0
                text26                             7A6A     7A6A       1A     3D35       0
                text25                             79F6     79F6        A     3CFB       0
                text24                             7A3E     7A3E       16     3D1F       0
                text23                             7A84     7A84       1A     3D42       0
                text22                             7A00     7A00        A     3D00       0
                text21                             7C1A     7C1A       5A     3E0D       0
                text20                             7B9E     7B9E       3E     3DCF       0
                text19                             7B68     7B68       36     3DB4       0
                text18                             7E20     7E20      1E0     3F10       0
                text17                             7A9E     7A9E       1A     3D4F       0
                text16                             7A0A     7A0A        A     3D05       0
                text15                             7AB8     7AB8       1A     3D5C       0
                text14                             7DAE     7DAE       72     3ED7       0
                text13                             79F0     79F0        6     3CF8       0
                text12                             7CD6     7CD6       6A     3E6B       0
                text11                             7BDC     7BDC       3E     3DEE       0
                text10                             79EC     79EC        2     3CF6       0
                text9                              79EE     79EE        2     3CF7       0
                text8                              7B16     7B16       28     3D8B       0
                text7                              7AF0     7AF0       26     3D78       0
                text6                              7C74     7C74       62     3E3A       0
                text5                              7D40     7D40       6E     3EA0       0
                text4                              7B3E     7B3E       2A     3D9F       0
                text3                              7A2C     7A2C       12     3D16       0
                text2                              7A14     7A14        A     3D0A       0
                text1                              7A1E     7A1E        E     3D0F       0
                text0                              7AD2     7AD2       1E     3D69       0
                cstackCOMRAM                          1        1       1E        1       1
                bssCOMRAM                            1F       1F       19        1       1
                cinit                              7A54     7A54       16     3D2A       0

TOTAL           Name                               Link     Load   Length     Space
        CLASS   CODE           
                end_init                           2000     2000        4         0
                text26                             7A6A     7A6A       1A         0
                text25                             79F6     79F6        A         0
                text24                             7A3E     7A3E       16         0
                text23                             7A84     7A84       1A         0
                text22                             7A00     7A00        A         0
                text21                             7C1A     7C1A       5A         0
                text20                             7B9E     7B9E       3E         0
                text19                             7B68     7B68       36         0
                text18                             7E20     7E20      1E0         0
                text17                             7A9E     7A9E       1A         0
                text16                             7A0A     7A0A        A         0
                text15                             7AB8     7AB8       1A         0
                text14                             7DAE     7DAE       72         0
                text13                             79F0     79F0        6         0
                text12                             7CD6     7CD6       6A         0
                text11                             7BDC     7BDC       3E         0
                text10                             79EC     79EC        2         0
                text9                              79EE     79EE        2         0
                text8                              7B16     7B16       28         0
                text7                              7AF0     7AF0       26         0
                text6                              7C74     7C74       62         0
                text5                              7D40     7D40       6E         0
                text4                              7B3E     7B3E       2A         0
                text3                              7A2C     7A2C       12         0
                text2                              7A14     7A14        A         0
                text1                              7A1E     7A1E        E         0
                text0                              7AD2     7AD2       1E         0
                cinit                              7A54     7A54       16         0

        CLASS   CONST          

        CLASS   SMALLCONST     
                smallconst                         2004     2004       42         0

        CLASS   MEDIUMCONST    

        CLASS   COMRAM         
                cstackCOMRAM                          1        1       1E         1
                bssCOMRAM                            1F       1F       19         1

        CLASS   ABS1           
                abs_s1                              400      400        8         1
                abs_s1                              40C      40C        8         1
                abs_s1                              500      500      100         1

        CLASS   BIGRAM         

        CLASS   RAM            

        CLASS   BANK0          

        CLASS   BANK1          

        CLASS   BANK2          

        CLASS   BANK3          

        CLASS   BANK4          

        CLASS   BANK5          

        CLASS   BANK6          

        CLASS   BANK7          

        CLASS   SFR            

        CLASS   FARRAM         

        CLASS   CONFIG         

        CLASS   IDLOC          

        CLASS   EEDATA         



SEGMENTS        Name                           Load    Length   Top    Selector   Space  Class

                cstackCOMRAM                   000001  000037  000038         1       1  COMRAM  
                reset_vec                      002000  000004  002004      1000       0  CODE    
                smallconst                     002004  000042  002046      1002       0  SMALLCON
                text10                         0079EC  000002  0079EE      3CF6       0  CODE    
                text9                          0079EE  000002  0079F0      3CF7       0  CODE    
                text13                         0079F0  000006  0079F6      3CF8       0  CODE    
                text25                         0079F6  00000A  007A00      3CFB       0  CODE    
                text22                         007A00  00000A  007A0A      3D00       0  CODE    
                text16                         007A0A  00000A  007A14      3D05       0  CODE    
                text2                          007A14  00000A  007A1E      3D0A       0  CODE    
                text1                          007A1E  00000E  007A2C      3D0F       0  CODE    
                text3                          007A2C  000012  007A3E      3D16       0  CODE    
                text24                         007A3E  000016  007A54      3D1F       0  CODE    
                cinit                          007A54  000016  007A6A      3D2A       0  CODE    
                text26                         007A6A  00001A  007A84      3D35       0  CODE    
                text23                         007A84  00001A  007A9E      3D42       0  CODE    
                text17                         007A9E  00001A  007AB8      3D4F       0  CODE    
                text15                         007AB8  00001A  007AD2      3D5C       0  CODE    
                text0                          007AD2  00001E  007AF0      3D69       0  CODE    
                text7                          007AF0  000026  007B16      3D78       0  CODE    
                text8                          007B16  000028  007B3E      3D8B       0  CODE    
                text4                          007B3E  00002A  007B68      3D9F       0  CODE    
                text19                         007B68  000036  007B9E      3DB4       0  CODE    
                text20                         007B9E  00003E  007BDC      3DCF       0  CODE    
                text11                         007BDC  00003E  007C1A      3DEE       0  CODE    
                text21                         007C1A  00005A  007C74      3E0D       0  CODE    
                text6                          007C74  000062  007CD6      3E3A       0  CODE    
                text12                         007CD6  00006A  007D40      3E6B       0  CODE    
                text5                          007D40  00006E  007DAE      3EA0       0  CODE    
                text14                         007DAE  000072  007E20      3ED7       0  CODE    
                text18                         007E20  0001E0  008000      3F10       0  CODE    


UNUSED ADDRESS RANGES

        Name                Unused          Largest block    Delta
        BANK0            0060-00FF             A0
        BANK1            0100-01FF            100
        BANK2            0200-02FF            100
        BANK3            0300-03FF            100
        BANK4            0408-040B              4
                         0414-04FF             EC
        BANK6            0600-06FF            100
        BANK7            0700-07FF            100
        BIGRAM           0038-03FF            3C8
                         0408-040B              4
                         0414-04FF             EC
                         0600-07FF            200
        CODE             2046-79EB           59A6
        COMRAM           0038-005F             28
        CONFIG           300000-30000D              E
        CONST            2046-79EB           59A6
        EEDATA           F00000-F000FF            100
        FARRAM           0000-0000              1
        IDLOC            200000-200007              8
        MEDIUMCONST      2046-79EB           59A6
        RAM              0060-03FF            100
                         0408-040B              4
                         0414-04FF             EC
                         0600-07FF            100
        SFR              0F60-0FFF             A0
        SMALLCONST       2046-79EB            100

                                  Symbol Table

?_ReadFlash                              cstackCOMRAM 0001
?_ep0_entry_point                        cstackCOMRAM 0019
?_ep1_entry_point                        cstackCOMRAM 0001
?_ep2_configure_handler                  cstackCOMRAM 0001
?_ep2_entry_point                        cstackCOMRAM 0002
?_usb_configure_handler                  cstackCOMRAM 0003
ReadFlash@flash_addr                     cstackCOMRAM 0009
ReadFlash@flash_array                    cstackCOMRAM 0007
ReadFlash@num_bytes                      cstackCOMRAM 0005
ReadFlash@startaddr                      cstackCOMRAM 0001
ReadFlash@tblptr_save                    cstackCOMRAM 000D
_ADCON0                                  (abs)        0FC2
_ADCON1                                  (abs)        0FC1
_CMCON                                   (abs)        0FB4
_CVREN                                   (abs)        7DAF
_EECON1bits                              (abs)        0FA6
_EECON2                                  (abs)        0FA7
_INTCONbits                              (abs)        0FF2
_PORTBbits                               (abs)        0F81
_PORTCbits                               (abs)        0F82
_PORTDbits                               (abs)        0F83
_ReadFlash                               text21       7C1A
_SPPCON                                  (abs)        0F65
_TABLAT                                  (abs)        0FF5
_TBLPTRH                                 (abs)        0FF7
_TBLPTRL                                 (abs)        0FF6
_TBLPTRU                                 (abs)        0FF8
_TRISBbits                               (abs)        0F93
_TRISCbits                               (abs)        0F94
_TRISDbits                               (abs)        0F95
_UADDR                                   (abs)        0F6E
_UCFG                                    (abs)        0F6F
_UCON                                    (abs)        0F6D
_UCONbits                                (abs)        0F6D
_UEP0                                    (abs)        0F70
_UEP1                                    (abs)        0F71
_UEP2                                    (abs)        0F72
_UIE                                     (abs)        0F69
_UIR                                     (abs)        0F68
_UIRbits                                 (abs)        0F68
_USTAT                                   (abs)        0F6C
__HRAM                                   (abs)        0000
__Habs1                                  abs1         0000
__Hbank0                                 bank0        0000
__Hbank1                                 bank1        0000
__Hbank2                                 bank2        0000
__Hbank3                                 bank3        0000
__Hbank4                                 bank4        0000
__Hbank5                                 bank5        0000
__Hbank6                                 bank6        0000
__Hbank7                                 bank7        0000
__Hbigbss                                bigbss       0000
__Hbigdata                               bigdata      0000
__Hbigram                                bigram       0000
__Hbss                                   bss          0000
__HbssCOMRAM                             bssCOMRAM    0000
__Hcinit                                 cinit        0000
__Hclrtext                               clrtext      0000
__Hcomram                                comram       0000
__Hconfig                                config       0000
__Hconst                                 const        0000
__HcstackCOMRAM                          cstackCOMRAM 0000
__Hdata                                  data         0000
__Heeprom_data                           eeprom_data  0000
__Hend_init                              end_init     2004
__Hfarbss                                farbss       0000
__Hfardata                               fardata      0000
__Hibigdata                              ibigdata     0000
__Hidata                                 idata        0000
__Hidloc                                 idloc        0000
__Hifardata                              ifardata     0000
__Hinit                                  init         2000
__Hintcode                               intcode      2000
__Hintcode_body                          intcode_body 0000
__Hintcodelo                             intcodelo    2000
__Hintentry                              intentry     0000
__Hintret                                intret       0000
__Hintsave_regs                          intsave_regs 0000
__Hirdata                                irdata       0000
__Hmediumconst                           mediumconst  0000
__HnvFARRAM                              nvFARRAM     0000
__Hnvbit                                 nvbit        0000
__Hnvrram                                nvrram       0000
__Hparam                                 rparam       0000
__Hpowerup                               powerup      2000
__Hram                                   ram          0000
__Hramtop                                ramtop       0800
__Hrbit                                  rbit         0000
__Hrbss                                  rbss         0000
__Hrdata                                 rdata        0000
__Hreset_vec                             reset_vec    2000
__Hrparam                                rparam       0000
__Hsfr                                   sfr          0000
__Hsmallconst                            smallconst   2046
__Hstruct                                struct       0000
__Htemp                                  temp         0000
__Htext                                  text         0000
__Htext0                                 text0        0000
__Htext1                                 text1        0000
__Htext10                                text10       0000
__Htext11                                text11       0000
__Htext12                                text12       0000
__Htext13                                text13       0000
__Htext14                                text14       0000
__Htext15                                text15       0000
__Htext16                                text16       0000
__Htext17                                text17       0000
__Htext18                                text18       0000
__Htext19                                text19       0000
__Htext2                                 text2        0000
__Htext20                                text20       0000
__Htext21                                text21       0000
__Htext22                                text22       0000
__Htext23                                text23       0000
__Htext24                                text24       0000
__Htext25                                text25       0000
__Htext26                                text26       0000
__Htext27                                text27       0000
__Htext3                                 text3        0000
__Htext4                                 text4        0000
__Htext5                                 text5        0000
__Htext6                                 text6        0000
__Htext7                                 text7        0000
__Htext8                                 text8        0000
__Htext9                                 text9        0000
__LRAM                                   (abs)        0001
__Labs1                                  abs1         0000
__Lbank0                                 bank0        0000
__Lbank1                                 bank1        0000
__Lbank2                                 bank2        0000
__Lbank3                                 bank3        0000
__Lbank4                                 bank4        0000
__Lbank5                                 bank5        0000
__Lbank6                                 bank6        0000
__Lbank7                                 bank7        0000
__Lbigbss                                bigbss       0000
__Lbigdata                               bigdata      0000
__Lbigram                                bigram       0000
__Lbss                                   bss          0000
__LbssCOMRAM                             bssCOMRAM    0000
__Lcinit                                 cinit        0000
__Lclrtext                               clrtext      0000
__Lcomram                                comram       0000
__Lconfig                                config       0000
__Lconst                                 const        0000
__LcstackCOMRAM                          cstackCOMRAM 0000
__Ldata                                  data         0000
__Leeprom_data                           eeprom_data  0000
__Lend_init                              end_init     2000
__Lfarbss                                farbss       0000
__Lfardata                               fardata      0000
__Libigdata                              ibigdata     0000
__Lidata                                 idata        0000
__Lidloc                                 idloc        0000
__Lifardata                              ifardata     0000
__Linit                                  init         2000
__Lintcode                               intcode      2000
__Lintcode_body                          intcode_body 0000
__Lintcodelo                             intcodelo    2000
__Lintentry                              intentry     0000
__Lintret                                intret       0000
__Lintsave_regs                          intsave_regs 0000
__Lirdata                                irdata       0000
__Lmediumconst                           mediumconst  0000
__LnvFARRAM                              nvFARRAM     0000
__Lnvbit                                 nvbit        0000
__Lnvrram                                nvrram       0000
__Lparam                                 rparam       0000
__Lpowerup                               powerup      2000
__Lram                                   ram          0000
__Lramtop                                ramtop       0800
__Lrbit                                  rbit         0000
__Lrbss                                  rbss         0000
__Lrdata                                 rdata        0000
__Lreset_vec                             reset_vec    2000
__Lrparam                                rparam       0000
__Lsfr                                   sfr          0000
__Lsmallconst                            smallconst   2004
__Lstruct                                struct       0000
__Ltemp                                  temp         0000
__Ltext                                  text         0000
__Ltext0                                 text0        0000
__Ltext1                                 text1        0000
__Ltext10                                text10       0000
__Ltext11                                text11       0000
__Ltext12                                text12       0000
__Ltext13                                text13       0000
__Ltext14                                text14       0000
__Ltext15                                text15       0000
__Ltext16                                text16       0000
__Ltext17                                text17       0000
__Ltext18                                text18       0000
__Ltext19                                text19       0000
__Ltext2                                 text2        0000
__Ltext20                                text20       0000
__Ltext21                                text21       0000
__Ltext22                                text22       0000
__Ltext23                                text23       0000
__Ltext24                                text24       0000
__Ltext25                                text25       0000
__Ltext26                                text26       0000
__Ltext27                                text27       0000
__Ltext3                                 text3        0000
__Ltext4                                 text4        0000
__Ltext5                                 text5        0000
__Ltext6                                 text6        0000
__Ltext7                                 text7        0000
__Ltext8                                 text8        0000
__Ltext9                                 text9        0000
__S0                                     (abs)        8000
__S1                                     (abs)        0038
__accesstop                              (abs)        0060
__activetblptr                           (abs)        0002
__end_of_ReadFlash                       text21       7C74
__end_of__initialization                 cinit        7A60
__end_of_conf_desc_0                     smallconst   2024
__end_of_dev_desc                        smallconst   2036
__end_of_ep0_configure                   text5        7DAE
__end_of_ep0_entry_point                 text11       7C1A
__end_of_ep0_handle_setup_transaction    text18       8000
__end_of_ep0_handle_standard_device      text12       7D40
__end_of_ep0_in_handler_ack              text15       7AD2
__end_of_ep0_in_handler_configure        text16       7A14
__end_of_ep0_in_handler_send_descriptor  text14       7E20
__end_of_ep0_in_handler_set_address      text13       79F6
__end_of_ep0_out_handler_ack             text17       7AB8
__end_of_ep1_configure                   text20       7BDC
__end_of_ep1_entry_point                 text10       79EE
__end_of_ep1_unconfigure                 text26       7A84
__end_of_ep2_configure                   text19       7B9E
__end_of_ep2_configure_handler           text2        7A1E
__end_of_ep2_entry_point                 text7        7B16
__end_of_ep2_prepare_read                text8        7B3E
__end_of_ep2_unconfigure                 text24       7A54
__end_of_ep2_unconfigure_handler         text25       7A00
__end_of_main                            text0        7AF0
__end_of_read                            text9        79F0
__end_of_string_desc_1                   smallconst   2045
__end_of_usb_configure_handler           text1        7A2C
__end_of_usb_device_configure            text3        7A3E
__end_of_usb_disable                     text22       7A0A
__end_of_usb_handle                      text6        7CD6
__end_of_usb_reset                       text23       7A9E
__end_of_usb_start                       text4        7B68
__initialization                         cinit        7A54
__mediumconst                            mediumconst  0000
__pbssCOMRAM                             bssCOMRAM    001F
__pcinit                                 cinit        7A54
__pcstackCOMRAM                          cstackCOMRAM 0001
__psmallconst                            smallconst   2004
__ptext0                                 text0        7AD2
__ptext1                                 text1        7A1E
__ptext10                                text10       79EC
__ptext11                                text11       7BDC
__ptext12                                text12       7CD6
__ptext13                                text13       79F0
__ptext14                                text14       7DAE
__ptext15                                text15       7AB8
__ptext16                                text16       7A0A
__ptext17                                text17       7A9E
__ptext18                                text18       7E20
__ptext19                                text19       7B68
__ptext2                                 text2        7A14
__ptext20                                text20       7B9E
__ptext21                                text21       7C1A
__ptext22                                text22       7A00
__ptext23                                text23       7A84
__ptext24                                text24       7A3E
__ptext25                                text25       79F6
__ptext26                                text26       7A6A
__ptext27                                text27       0000
__ptext3                                 text3        7A2C
__ptext4                                 text4        7B3E
__ptext5                                 text5        7D40
__ptext6                                 text6        7C74
__ptext7                                 text7        7AF0
__ptext8                                 text8        7B16
__ptext9                                 text9        79EE
__ramtop                                 ramtop       0800
__size_of_ReadFlash                      (abs)        0000
__size_of_ep0_configure                  (abs)        0000
__size_of_ep0_entry_point                (abs)        0000
__size_of_ep0_handle_setup_transaction   (abs)        0000
__size_of_ep0_handle_standard_device     (abs)        0000
__size_of_ep0_in_handler_ack             (abs)        0000
__size_of_ep0_in_handler_configure       (abs)        0000
__size_of_ep0_in_handler_send_descriptor (abs)        0000
__size_of_ep0_in_handler_set_address     (abs)        0000
__size_of_ep0_out_handler_ack            (abs)        0000
__size_of_ep1_configure                  (abs)        0000
__size_of_ep1_entry_point                (abs)        0000
__size_of_ep1_unconfigure                (abs)        0000
__size_of_ep2_configure                  (abs)        0000
__size_of_ep2_configure_handler          (abs)        0000
__size_of_ep2_entry_point                (abs)        0000
__size_of_ep2_prepare_read               (abs)        0000
__size_of_ep2_unconfigure                (abs)        0000
__size_of_ep2_unconfigure_handler        (abs)        0000
__size_of_main                           (abs)        0000
__size_of_read                           (abs)        0000
__size_of_usb_configure_handler          (abs)        0000
__size_of_usb_device_configure           (abs)        0000
__size_of_usb_disable                    (abs)        0000
__size_of_usb_handle                     (abs)        0000
__size_of_usb_reset                      (abs)        0000
__size_of_usb_start                      (abs)        0000
__smallconst                             smallconst   2004
_conf_desc_0                             smallconst   2004
_dev_desc                                smallconst   2024
_ep0_configure                           text5        7D40
_ep0_dir                                 bssCOMRAM    0032
_ep0_entry_point                         text11       7BDC
_ep0_handle_setup_transaction            text18       7E20
_ep0_handle_standard_device              text12       7CD6
_ep0_in_bd                               (abs)        0404
_ep0_in_buffer                           (abs)        0540
_ep0_in_decsriptor                       bssCOMRAM    0028
_ep0_in_handler                          bssCOMRAM    002A
_ep0_in_handler_ack                      text15       7AB8
_ep0_in_handler_configure                text16       7A0A
_ep0_in_handler_send_descriptor          text14       7DAE
_ep0_in_handler_set_address              text13       79F0
_ep0_in_total_bytes_to_send              bssCOMRAM    002C
_ep0_out_bd                              (abs)        0400
_ep0_out_buffer                          (abs)        0500
_ep0_out_handler                         bssCOMRAM    002E
_ep0_out_handler_ack                     text17       7A9E
_ep0_temp_uaddr                          bssCOMRAM    0033
_ep1_bd                                  (abs)        040C
_ep1_buffer                              (abs)        0580
_ep1_configure                           text20       7B9E
_ep1_entry_point                         text10       79EC
_ep1_unconfigure                         text26       7A6A
_ep2_bd                                  (abs)        0410
_ep2_buffer                              (abs)        05C0
_ep2_configure                           text19       7B68
_ep2_configure_handler                   text2        7A14
_ep2_entry_point                         text7        7AF0
_ep2_prepare_read                        text8        7B16
_ep2_receive_handler                     bssCOMRAM    0030
_ep2_unconfigure                         text24       7A3E
_ep2_unconfigure_handler                 text25       79F6
_main                                    text0        7AD2
_read                                    text9        79EE
_setup_pkt                               (abs)        0500
_spi_delays                              bssCOMRAM    0024
_spi_mmDelays                            bssCOMRAM    001F
_string_desc_1                           smallconst   2036
_toggle                                  bssCOMRAM    0034
_toggled                                 bssCOMRAM    0035
_total_writen                            bssCOMRAM    0036
_usb_configure_handler                   text1        7A1E
_usb_device_configure                    text3        7A2C
_usb_device_state                        bssCOMRAM    0037
_usb_disable                             text22       7A00
_usb_handle                              text6        7C74
_usb_reset                               text23       7A84
_usb_start                               text4        7B3E
end_of_initialization                    cinit        7A60
ep0_entry_point@bmRequestType            cstackCOMRAM 001B
ep0_entry_point@ustat                    cstackCOMRAM 0019
ep0_handle_setup_transaction@desc_len    cstackCOMRAM 0016
ep0_handle_standard_device@pid           cstackCOMRAM 0018
ep0_in_handler_send_descriptor@num       cstackCOMRAM 0012
ep2_configure_handler@handler            cstackCOMRAM 0001
intlevel0                                text         0000
intlevel1                                text         0000
intlevel2                                text         0000
intlevel3                                text         0000
start                                    init         2000
start_initialization                     cinit        7A54
usb_configure_handler@handler            cstackCOMRAM 0003
usb_handle@endpnum                       cstackCOMRAM 001D
usb_handle@ustat                         cstackCOMRAM 001C
usb_handle@ustat_1009                    cstackCOMRAM 001E


FUNCTION INFORMATION:

 *************** function _main *****************
 Defined at:
		line 19 in file "src/main.C"
 Parameters:    Size  Location     Type
		None
 Auto vars:     Size  Location     Type
		None
 Return value:  Size  Location     Type
                  2   19[COMRAM] int 
 Registers used:
		wreg, fsr2l, fsr2h, status,2, status,0, pclat, tosl, cstack
 Tracked objects:
		On entry : 
		On exit  : 
		Unchanged: 
 Data sizes:     COMRAM   BANK0   BANK1   BANK2   BANK3  BANK4h  BANK4l   BANK6   BANK7
      Params:         0       0       0       0       0       0       0       0       0
      Locals:         0       0       0       0       0       0       0       0       0
      Temps:          0       0       0       0       0       0       0       0       0
      Totals:         0       0       0       0       0       0       0       0       0
Total ram usage:        0 bytes
 Hardware stack levels required when called:    7
 This function calls:
		_usb_disable
		_usb_device_configure
		_usb_configure_handler
		_usb_handle
 This function is called by:
		Startup code after reset
 This function uses a non-reentrant model


 *************** function _usb_configure_handler *****************
 Defined at:
		line 81 in file "C:/Users/rudarobson/Documents/GitHub/Leonino/PIC/Libraries.X/src/leonino/usb/usb.c"
 Parameters:    Size  Location     Type
  handler         2    2[COMRAM] PTR FTN()void 
		 -> read(0), 
 Auto vars:     Size  Location     Type
		None
 Return value:  Size  Location     Type
		None               void
 Registers used:
		cstack
 Tracked objects:
		On entry : 
		On exit  : 
		Unchanged: 
 Data sizes:     COMRAM   BANK0   BANK1   BANK2   BANK3  BANK4h  BANK4l   BANK6   BANK7
      Params:         2       0       0       0       0       0       0       0       0
      Locals:         0       0       0       0       0       0       0       0       0
      Temps:          0       0       0       0       0       0       0       0       0
      Totals:         2       0       0       0       0       0       0       0       0
Total ram usage:        2 bytes
 Hardware stack levels used:    1
 Hardware stack levels required when called:    1
 This function calls:
		_ep2_configure_handler
 This function is called by:
		_main
 This function uses a non-reentrant model


 *************** function _ep2_configure_handler *****************
 Defined at:
		line 43 in file "C:/Users/rudarobson/Documents/GitHub/Leonino/PIC/Libraries.X/src/leonino/usb/ep2.c"
 Parameters:    Size  Location     Type
  handler         2    0[COMRAM] PTR FTN()void 
		 -> read(0), 
 Auto vars:     Size  Location     Type
		None
 Return value:  Size  Location     Type
		None               void
 Registers used:
		None
 Tracked objects:
		On entry : 
		On exit  : 
		Unchanged: 
 Data sizes:     COMRAM   BANK0   BANK1   BANK2   BANK3  BANK4h  BANK4l   BANK6   BANK7
      Params:         2       0       0       0       0       0       0       0       0
      Locals:         0       0       0       0       0       0       0       0       0
      Temps:          0       0       0       0       0       0       0       0       0
      Totals:         2       0       0       0       0       0       0       0       0
Total ram usage:        2 bytes
 Hardware stack levels used:    1
 This function calls:
		Nothing
 This function is called by:
		_usb_configure_handler
 This function uses a non-reentrant model


 *************** function _usb_device_configure *****************
 Defined at:
		line 7 in file "C:/Users/rudarobson/Documents/GitHub/Leonino/PIC/Libraries.X/src/leonino/usb/usb.c"
 Parameters:    Size  Location     Type
		None
 Auto vars:     Size  Location     Type
		None
 Return value:  Size  Location     Type
		None               void
 Registers used:
		wreg, fsr2l, fsr2h, status,2, status,0, pclat, tosl, cstack
 Tracked objects:
		On entry : 
		On exit  : 
		Unchanged: 
 Data sizes:     COMRAM   BANK0   BANK1   BANK2   BANK3  BANK4h  BANK4l   BANK6   BANK7
      Params:         0       0       0       0       0       0       0       0       0
      Locals:         0       0       0       0       0       0       0       0       0
      Temps:          0       0       0       0       0       0       0       0       0
      Totals:         0       0       0       0       0       0       0       0       0
Total ram usage:        0 bytes
 Hardware stack levels used:    1
 Hardware stack levels required when called:    6
 This function calls:
		_usb_handle
		_usb_start
 This function is called by:
		_main
 This function uses a non-reentrant model


 *************** function _usb_start *****************
 Defined at:
		line 14 in file "C:/Users/rudarobson/Documents/GitHub/Leonino/PIC/Libraries.X/src/leonino/usb/usb.c"
 Parameters:    Size  Location     Type
		None
 Auto vars:     Size  Location     Type
		None
 Return value:  Size  Location     Type
		None               void
 Registers used:
		wreg, status,2, cstack
 Tracked objects:
		On entry : 
		On exit  : 
		Unchanged: 
 Data sizes:     COMRAM   BANK0   BANK1   BANK2   BANK3  BANK4h  BANK4l   BANK6   BANK7
      Params:         0       0       0       0       0       0       0       0       0
      Locals:         0       0       0       0       0       0       0       0       0
      Temps:          0       0       0       0       0       0       0       0       0
      Totals:         0       0       0       0       0       0       0       0       0
Total ram usage:        0 bytes
 Hardware stack levels used:    1
 Hardware stack levels required when called:    3
 This function calls:
		_ep0_configure
		_usb_reset
 This function is called by:
		_usb_device_configure
 This function uses a non-reentrant model


 *************** function _ep0_configure *****************
 Defined at:
		line 38 in file "C:/Users/rudarobson/Documents/GitHub/Leonino/PIC/Libraries.X/src/leonino/usb/ep0.c"
 Parameters:    Size  Location     Type
		None
 Auto vars:     Size  Location     Type
		None
 Return value:  Size  Location     Type
		None               void
 Registers used:
		wreg, status,2
 Tracked objects:
		On entry : 
		On exit  : 
		Unchanged: 
 Data sizes:     COMRAM   BANK0   BANK1   BANK2   BANK3  BANK4h  BANK4l   BANK6   BANK7
      Params:         0       0       0       0       0       0       0       0       0
      Locals:         0       0       0       0       0       0       0       0       0
      Temps:          1       0       0       0       0       0       0       0       0
      Totals:         1       0       0       0       0       0       0       0       0
Total ram usage:        1 bytes
 Hardware stack levels used:    1
 This function calls:
		Nothing
 This function is called by:
		_usb_start
 This function uses a non-reentrant model


 *************** function _usb_handle *****************
 Defined at:
		line 53 in file "C:/Users/rudarobson/Documents/GitHub/Leonino/PIC/Libraries.X/src/leonino/usb/usb.c"
 Parameters:    Size  Location     Type
		None
 Auto vars:     Size  Location     Type
  ustat           1   29[COMRAM] unsigned char 
  endpnum         1   28[COMRAM] unsigned char 
  ustat           1   27[COMRAM] unsigned char 
 Return value:  Size  Location     Type
		None               void
 Registers used:
		wreg, fsr2l, fsr2h, status,2, status,0, pclat, tosl, cstack
 Tracked objects:
		On entry : 
		On exit  : 
		Unchanged: 
 Data sizes:     COMRAM   BANK0   BANK1   BANK2   BANK3  BANK4h  BANK4l   BANK6   BANK7
      Params:         0       0       0       0       0       0       0       0       0
      Locals:         3       0       0       0       0       0       0       0       0
      Temps:          0       0       0       0       0       0       0       0       0
      Totals:         3       0       0       0       0       0       0       0       0
Total ram usage:        3 bytes
 Hardware stack levels used:    1
 Hardware stack levels required when called:    5
 This function calls:
		_ep0_entry_point
		_ep1_entry_point
		_ep2_entry_point
		_usb_reset
 This function is called by:
		_main
		_usb_device_configure
 This function uses a non-reentrant model


 *************** function _ep2_entry_point *****************
 Defined at:
		line 51 in file "C:/Users/rudarobson/Documents/GitHub/Leonino/PIC/Libraries.X/src/leonino/usb/ep2.c"
 Parameters:    Size  Location     Type
  ustat           1    1[COMRAM] unsigned char 
 Auto vars:     Size  Location     Type
		None
 Return value:  Size  Location     Type
		None               void
 Registers used:
		wreg, status,2, status,0, pclat, tosl, cstack
 Tracked objects:
		On entry : 
		On exit  : 
		Unchanged: 
 Data sizes:     COMRAM   BANK0   BANK1   BANK2   BANK3  BANK4h  BANK4l   BANK6   BANK7
      Params:         1       0       0       0       0       0       0       0       0
      Locals:         0       0       0       0       0       0       0       0       0
      Temps:          0       0       0       0       0       0       0       0       0
      Totals:         1       0       0       0       0       0       0       0       0
Total ram usage:        1 bytes
 Hardware stack levels used:    1
 Hardware stack levels required when called:    1
 This function calls:
		_read
		Absolute function
		_ep2_prepare_read
 This function is called by:
		_usb_handle
 This function uses a non-reentrant model


 *************** function _ep2_prepare_read *****************
 Defined at:
		line 33 in file "C:/Users/rudarobson/Documents/GitHub/Leonino/PIC/Libraries.X/src/leonino/usb/ep2.c"
 Parameters:    Size  Location     Type
		None
 Auto vars:     Size  Location     Type
		None
 Return value:  Size  Location     Type
		None               void
 Registers used:
		status,2
 Tracked objects:
		On entry : 
		On exit  : 
		Unchanged: 
 Data sizes:     COMRAM   BANK0   BANK1   BANK2   BANK3  BANK4h  BANK4l   BANK6   BANK7
      Params:         0       0       0       0       0       0       0       0       0
      Locals:         0       0       0       0       0       0       0       0       0
      Temps:          1       0       0       0       0       0       0       0       0
      Totals:         1       0       0       0       0       0       0       0       0
Total ram usage:        1 bytes
 Hardware stack levels used:    1
 This function calls:
		Nothing
 This function is called by:
		_ep2_entry_point
 This function uses a non-reentrant model


 *************** function _read *****************
 Defined at:
		line 15 in file "src/main.C"
 Parameters:    Size  Location     Type
		None
 Auto vars:     Size  Location     Type
		None
 Return value:  Size  Location     Type
		None               void
 Registers used:
		None
 Tracked objects:
		On entry : 
		On exit  : 
		Unchanged: 
 Data sizes:     COMRAM   BANK0   BANK1   BANK2   BANK3  BANK4h  BANK4l   BANK6   BANK7
      Params:         0       0       0       0       0       0       0       0       0
      Locals:         0       0       0       0       0       0       0       0       0
      Temps:          0       0       0       0       0       0       0       0       0
      Totals:         0       0       0       0       0       0       0       0       0
Total ram usage:        0 bytes
 Hardware stack levels used:    1
 This function calls:
		Nothing
 This function is called by:
		_main
		_ep2_entry_point
 This function uses a non-reentrant model


 *************** function _ep1_entry_point *****************
 Defined at:
		line 61 in file "C:/Users/rudarobson/Documents/GitHub/Leonino/PIC/Libraries.X/src/leonino/usb/ep1.c"
 Parameters:    Size  Location     Type
  ustat           1    0[COMRAM] unsigned char 
 Auto vars:     Size  Location     Type
		None
 Return value:  Size  Location     Type
		None               void
 Registers used:
		None
 Tracked objects:
		On entry : 
		On exit  : 
		Unchanged: 
 Data sizes:     COMRAM   BANK0   BANK1   BANK2   BANK3  BANK4h  BANK4l   BANK6   BANK7
      Params:         1       0       0       0       0       0       0       0       0
      Locals:         0       0       0       0       0       0       0       0       0
      Temps:          0       0       0       0       0       0       0       0       0
      Totals:         1       0       0       0       0       0       0       0       0
Total ram usage:        1 bytes
 Hardware stack levels used:    1
 This function calls:
		Nothing
 This function is called by:
		_usb_handle
 This function uses a non-reentrant model


 *************** function _ep0_entry_point *****************
 Defined at:
		line 193 in file "C:/Users/rudarobson/Documents/GitHub/Leonino/PIC/Libraries.X/src/leonino/usb/ep0.c"
 Parameters:    Size  Location     Type
  ustat           1   24[COMRAM] unsigned char 
 Auto vars:     Size  Location     Type
  bmRequestTyp    1   26[COMRAM] unsigned char 
 Return value:  Size  Location     Type
		None               void
 Registers used:
		wreg, fsr2l, fsr2h, status,2, status,0, pclat, tosl, cstack
 Tracked objects:
		On entry : 
		On exit  : 
		Unchanged: 
 Data sizes:     COMRAM   BANK0   BANK1   BANK2   BANK3  BANK4h  BANK4l   BANK6   BANK7
      Params:         1       0       0       0       0       0       0       0       0
      Locals:         1       0       0       0       0       0       0       0       0
      Temps:          1       0       0       0       0       0       0       0       0
      Totals:         3       0       0       0       0       0       0       0       0
Total ram usage:        3 bytes
 Hardware stack levels used:    1
 Hardware stack levels required when called:    4
 This function calls:
		_ep0_handle_standard_device
 This function is called by:
		_usb_handle
 This function uses a non-reentrant model


 *************** function _ep0_handle_standard_device *****************
 Defined at:
		line 170 in file "C:/Users/rudarobson/Documents/GitHub/Leonino/PIC/Libraries.X/src/leonino/usb/ep0.c"
 Parameters:    Size  Location     Type
		None
 Auto vars:     Size  Location     Type
  pid             1   23[COMRAM] unsigned char 
 Return value:  Size  Location     Type
		None               void
 Registers used:
		wreg, fsr2l, fsr2h, status,2, status,0, pclat, tosl, cstack
 Tracked objects:
		On entry : 
		On exit  : 
		Unchanged: 
 Data sizes:     COMRAM   BANK0   BANK1   BANK2   BANK3  BANK4h  BANK4l   BANK6   BANK7
      Params:         0       0       0       0       0       0       0       0       0
      Locals:         1       0       0       0       0       0       0       0       0
      Temps:          0       0       0       0       0       0       0       0       0
      Totals:         1       0       0       0       0       0       0       0       0
Total ram usage:        1 bytes
 Hardware stack levels used:    1
 Hardware stack levels required when called:    3
 This function calls:
		_ep0_handle_setup_transaction
		_ep0_in_handler_send_descriptor
		_ep0_out_handler_ack
		_ep0_in_handler_ack
		_ep0_in_handler_set_address
		_ep0_in_handler_configure
		Absolute function
 This function is called by:
		_ep0_entry_point
 This function uses a non-reentrant model


 *************** function _ep0_in_handler_set_address *****************
 Defined at:
		line 240 in file "C:/Users/rudarobson/Documents/GitHub/Leonino/PIC/Libraries.X/src/leonino/usb/ep0.c"
 Parameters:    Size  Location     Type
		None
 Auto vars:     Size  Location     Type
		None
 Return value:  Size  Location     Type
		None               void
 Registers used:
		None
 Tracked objects:
		On entry : 
		On exit  : 
		Unchanged: 
 Data sizes:     COMRAM   BANK0   BANK1   BANK2   BANK3  BANK4h  BANK4l   BANK6   BANK7
      Params:         0       0       0       0       0       0       0       0       0
      Locals:         0       0       0       0       0       0       0       0       0
      Temps:          0       0       0       0       0       0       0       0       0
      Totals:         0       0       0       0       0       0       0       0       0
Total ram usage:        0 bytes
 Hardware stack levels used:    1
 This function calls:
		Nothing
 This function is called by:
		_ep0_handle_setup_transaction
		_ep0_handle_standard_device
 This function uses a non-reentrant model


 *************** function _ep0_in_handler_send_descriptor *****************
 Defined at:
		line 212 in file "C:/Users/rudarobson/Documents/GitHub/Leonino/PIC/Libraries.X/src/leonino/usb/ep0.c"
 Parameters:    Size  Location     Type
		None
 Auto vars:     Size  Location     Type
  num             2   17[COMRAM] unsigned int 
 Return value:  Size  Location     Type
		None               void
 Registers used:
		wreg, fsr2l, fsr2h, status,2, status,0, cstack
 Tracked objects:
		On entry : 
		On exit  : 
		Unchanged: 
 Data sizes:     COMRAM   BANK0   BANK1   BANK2   BANK3  BANK4h  BANK4l   BANK6   BANK7
      Params:         0       0       0       0       0       0       0       0       0
      Locals:         2       0       0       0       0       0       0       0       0
      Temps:          1       0       0       0       0       0       0       0       0
      Totals:         3       0       0       0       0       0       0       0       0
Total ram usage:        3 bytes
 Hardware stack levels used:    1
 Hardware stack levels required when called:    1
 This function calls:
		_ReadFlash
 This function is called by:
		_ep0_handle_setup_transaction
		_ep0_handle_standard_device
 This function uses a non-reentrant model


 *************** function _ep0_in_handler_ack *****************
 Defined at:
		line 234 in file "C:/Users/rudarobson/Documents/GitHub/Leonino/PIC/Libraries.X/src/leonino/usb/ep0.c"
 Parameters:    Size  Location     Type
		None
 Auto vars:     Size  Location     Type
		None
 Return value:  Size  Location     Type
		None               void
 Registers used:
		status,2
 Tracked objects:
		On entry : 
		On exit  : 
		Unchanged: 
 Data sizes:     COMRAM   BANK0   BANK1   BANK2   BANK3  BANK4h  BANK4l   BANK6   BANK7
      Params:         0       0       0       0       0       0       0       0       0
      Locals:         0       0       0       0       0       0       0       0       0
      Temps:          1       0       0       0       0       0       0       0       0
      Totals:         1       0       0       0       0       0       0       0       0
Total ram usage:        1 bytes
 Hardware stack levels used:    1
 This function calls:
		Nothing
 This function is called by:
		_ep0_handle_setup_transaction
		_ep0_handle_standard_device
 This function uses a non-reentrant model


 *************** function _ep0_in_handler_configure *****************
 Defined at:
		line 244 in file "C:/Users/rudarobson/Documents/GitHub/Leonino/PIC/Libraries.X/src/leonino/usb/ep0.c"
 Parameters:    Size  Location     Type
		None
 Auto vars:     Size  Location     Type
		None
 Return value:  Size  Location     Type
		None               void
 Registers used:
		status,2
 Tracked objects:
		On entry : 
		On exit  : 
		Unchanged: 
 Data sizes:     COMRAM   BANK0   BANK1   BANK2   BANK3  BANK4h  BANK4l   BANK6   BANK7
      Params:         0       0       0       0       0       0       0       0       0
      Locals:         0       0       0       0       0       0       0       0       0
      Temps:          1       0       0       0       0       0       0       0       0
      Totals:         1       0       0       0       0       0       0       0       0
Total ram usage:        1 bytes
 Hardware stack levels used:    1
 This function calls:
		Nothing
 This function is called by:
		_ep0_handle_setup_transaction
		_ep0_handle_standard_device
 This function uses a non-reentrant model


 *************** function _ep0_out_handler_ack *****************
 Defined at:
		line 228 in file "C:/Users/rudarobson/Documents/GitHub/Leonino/PIC/Libraries.X/src/leonino/usb/ep0.c"
 Parameters:    Size  Location     Type
		None
 Auto vars:     Size  Location     Type
		None
 Return value:  Size  Location     Type
		None               void
 Registers used:
		status,2
 Tracked objects:
		On entry : 
		On exit  : 
		Unchanged: 
 Data sizes:     COMRAM   BANK0   BANK1   BANK2   BANK3  BANK4h  BANK4l   BANK6   BANK7
      Params:         0       0       0       0       0       0       0       0       0
      Locals:         0       0       0       0       0       0       0       0       0
      Temps:          1       0       0       0       0       0       0       0       0
      Totals:         1       0       0       0       0       0       0       0       0
Total ram usage:        1 bytes
 Hardware stack levels used:    1
 This function calls:
		Nothing
 This function is called by:
		_ep0_handle_setup_transaction
		_ep0_handle_standard_device
 This function uses a non-reentrant model


 *************** function _ep0_handle_setup_transaction *****************
 Defined at:
		line 53 in file "C:/Users/rudarobson/Documents/GitHub/Leonino/PIC/Libraries.X/src/leonino/usb/ep0.c"
 Parameters:    Size  Location     Type
		None
 Auto vars:     Size  Location     Type
  desc_len        2   21[COMRAM] unsigned int 
 Return value:  Size  Location     Type
		None               void
 Registers used:
		wreg, fsr2l, fsr2h, status,2, status,0, cstack
 Tracked objects:
		On entry : 
		On exit  : 
		Unchanged: 
 Data sizes:     COMRAM   BANK0   BANK1   BANK2   BANK3  BANK4h  BANK4l   BANK6   BANK7
      Params:         0       0       0       0       0       0       0       0       0
      Locals:         2       0       0       0       0       0       0       0       0
      Temps:          2       0       0       0       0       0       0       0       0
      Totals:         4       0       0       0       0       0       0       0       0
Total ram usage:        4 bytes
 Hardware stack levels used:    1
 Hardware stack levels required when called:    2
 This function calls:
		_ep0_in_handler_send_descriptor
		_ep1_configure
		_ep2_configure
 This function is called by:
		_ep0_handle_standard_device
 This function uses a non-reentrant model


 *************** function _ep2_configure *****************
 Defined at:
		line 17 in file "C:/Users/rudarobson/Documents/GitHub/Leonino/PIC/Libraries.X/src/leonino/usb/ep2.c"
 Parameters:    Size  Location     Type
		None
 Auto vars:     Size  Location     Type
		None
 Return value:  Size  Location     Type
		None               void
 Registers used:
		wreg, status,2
 Tracked objects:
		On entry : 
		On exit  : 
		Unchanged: 
 Data sizes:     COMRAM   BANK0   BANK1   BANK2   BANK3  BANK4h  BANK4l   BANK6   BANK7
      Params:         0       0       0       0       0       0       0       0       0
      Locals:         0       0       0       0       0       0       0       0       0
      Temps:          1       0       0       0       0       0       0       0       0
      Totals:         1       0       0       0       0       0       0       0       0
Total ram usage:        1 bytes
 Hardware stack levels used:    1
 This function calls:
		Nothing
 This function is called by:
		_ep0_handle_setup_transaction
 This function uses a non-reentrant model


 *************** function _ep1_configure *****************
 Defined at:
		line 16 in file "C:/Users/rudarobson/Documents/GitHub/Leonino/PIC/Libraries.X/src/leonino/usb/ep1.c"
 Parameters:    Size  Location     Type
		None
 Auto vars:     Size  Location     Type
		None
 Return value:  Size  Location     Type
		None               void
 Registers used:
		wreg, status,2
 Tracked objects:
		On entry : 
		On exit  : 
		Unchanged: 
 Data sizes:     COMRAM   BANK0   BANK1   BANK2   BANK3  BANK4h  BANK4l   BANK6   BANK7
      Params:         0       0       0       0       0       0       0       0       0
      Locals:         0       0       0       0       0       0       0       0       0
      Temps:          1       0       0       0       0       0       0       0       0
      Totals:         1       0       0       0       0       0       0       0       0
Total ram usage:        1 bytes
 Hardware stack levels used:    1
 This function calls:
		Nothing
 This function is called by:
		_ep0_handle_setup_transaction
 This function uses a non-reentrant model


 *************** function _ReadFlash *****************
 Defined at:
		line 24 in file "C:\Program Files (x86)\Microchip\xc8\v1.20\sources\pic18\plib\Flash\ReadFlash.c"
 Parameters:    Size  Location     Type
  startaddr       4    0[COMRAM] unsigned long 
  num_bytes       2    4[COMRAM] unsigned int 
  flash_array     2    6[COMRAM] PTR unsigned char 
		 -> ep0_in_buffer(64), 
 Auto vars:     Size  Location     Type
  tblptr_save     4   12[COMRAM] struct .
  flash_addr      4    8[COMRAM] struct .
 Return value:  Size  Location     Type
		None               void
 Registers used:
		wreg, fsr2l, fsr2h, status,2, status,0
 Tracked objects:
		On entry : 
		On exit  : 
		Unchanged: 
 Data sizes:     COMRAM   BANK0   BANK1   BANK2   BANK3  BANK4h  BANK4l   BANK6   BANK7
      Params:         8       0       0       0       0       0       0       0       0
      Locals:         8       0       0       0       0       0       0       0       0
      Temps:          0       0       0       0       0       0       0       0       0
      Totals:        16       0       0       0       0       0       0       0       0
Total ram usage:       16 bytes
 Hardware stack levels used:    1
 This function calls:
		Nothing
 This function is called by:
		_ep0_in_handler_send_descriptor
 This function uses a non-reentrant model


 *************** function _usb_disable *****************
 Defined at:
		line 33 in file "C:/Users/rudarobson/Documents/GitHub/Leonino/PIC/Libraries.X/src/leonino/usb/usb.c"
 Parameters:    Size  Location     Type
		None
 Auto vars:     Size  Location     Type
		None
 Return value:  Size  Location     Type
		None               void
 Registers used:
		wreg, status,2, cstack
 Tracked objects:
		On entry : 
		On exit  : 
		Unchanged: 
 Data sizes:     COMRAM   BANK0   BANK1   BANK2   BANK3  BANK4h  BANK4l   BANK6   BANK7
      Params:         0       0       0       0       0       0       0       0       0
      Locals:         0       0       0       0       0       0       0       0       0
      Temps:          0       0       0       0       0       0       0       0       0
      Totals:         0       0       0       0       0       0       0       0       0
Total ram usage:        0 bytes
 Hardware stack levels used:    1
 Hardware stack levels required when called:    3
 This function calls:
		_usb_reset
 This function is called by:
		_main
 This function uses a non-reentrant model


 *************** function _usb_reset *****************
 Defined at:
		line 38 in file "C:/Users/rudarobson/Documents/GitHub/Leonino/PIC/Libraries.X/src/leonino/usb/usb.c"
 Parameters:    Size  Location     Type
		None
 Auto vars:     Size  Location     Type
		None
 Return value:  Size  Location     Type
		None               void
 Registers used:
		wreg, status,2, cstack
 Tracked objects:
		On entry : 
		On exit  : 
		Unchanged: 
 Data sizes:     COMRAM   BANK0   BANK1   BANK2   BANK3  BANK4h  BANK4l   BANK6   BANK7
      Params:         0       0       0       0       0       0       0       0       0
      Locals:         0       0       0       0       0       0       0       0       0
      Temps:          1       0       0       0       0       0       0       0       0
      Totals:         1       0       0       0       0       0       0       0       0
Total ram usage:        1 bytes
 Hardware stack levels used:    1
 Hardware stack levels required when called:    2
 This function calls:
		_ep1_unconfigure
		_ep2_unconfigure
 This function is called by:
		_usb_start
		_usb_disable
		_usb_handle
 This function uses a non-reentrant model


 *************** function _ep2_unconfigure *****************
 Defined at:
		line 25 in file "C:/Users/rudarobson/Documents/GitHub/Leonino/PIC/Libraries.X/src/leonino/usb/ep2.c"
 Parameters:    Size  Location     Type
		None
 Auto vars:     Size  Location     Type
		None
 Return value:  Size  Location     Type
		None               void
 Registers used:
		wreg, status,2, cstack
 Tracked objects:
		On entry : 
		On exit  : 
		Unchanged: 
 Data sizes:     COMRAM   BANK0   BANK1   BANK2   BANK3  BANK4h  BANK4l   BANK6   BANK7
      Params:         0       0       0       0       0       0       0       0       0
      Locals:         0       0       0       0       0       0       0       0       0
      Temps:          1       0       0       0       0       0       0       0       0
      Totals:         1       0       0       0       0       0       0       0       0
Total ram usage:        1 bytes
 Hardware stack levels used:    1
 Hardware stack levels required when called:    1
 This function calls:
		_ep2_unconfigure_handler
 This function is called by:
		_usb_reset
 This function uses a non-reentrant model


 *************** function _ep2_unconfigure_handler *****************
 Defined at:
		line 47 in file "C:/Users/rudarobson/Documents/GitHub/Leonino/PIC/Libraries.X/src/leonino/usb/ep2.c"
 Parameters:    Size  Location     Type
		None
 Auto vars:     Size  Location     Type
		None
 Return value:  Size  Location     Type
		None               void
 Registers used:
		wreg, status,2
 Tracked objects:
		On entry : 
		On exit  : 
		Unchanged: 
 Data sizes:     COMRAM   BANK0   BANK1   BANK2   BANK3  BANK4h  BANK4l   BANK6   BANK7
      Params:         0       0       0       0       0       0       0       0       0
      Locals:         0       0       0       0       0       0       0       0       0
      Temps:          0       0       0       0       0       0       0       0       0
      Totals:         0       0       0       0       0       0       0       0       0
Total ram usage:        0 bytes
 Hardware stack levels used:    1
 This function calls:
		Nothing
 This function is called by:
		_ep2_unconfigure
 This function uses a non-reentrant model


 *************** function _ep1_unconfigure *****************
 Defined at:
		line 25 in file "C:/Users/rudarobson/Documents/GitHub/Leonino/PIC/Libraries.X/src/leonino/usb/ep1.c"
 Parameters:    Size  Location     Type
		None
 Auto vars:     Size  Location     Type
		None
 Return value:  Size  Location     Type
		None               void
 Registers used:
		wreg, status,2
 Tracked objects:
		On entry : 
		On exit  : 
		Unchanged: 
 Data sizes:     COMRAM   BANK0   BANK1   BANK2   BANK3  BANK4h  BANK4l   BANK6   BANK7
      Params:         0       0       0       0       0       0       0       0       0
      Locals:         0       0       0       0       0       0       0       0       0
      Temps:          1       0       0       0       0       0       0       0       0
      Totals:         1       0       0       0       0       0       0       0       0
Total ram usage:        1 bytes
 Hardware stack levels used:    1
 This function calls:
		Nothing
 This function is called by:
		_usb_reset
 This function uses a non-reentrant model



MODULE INFORMATION

Module		Function		Class		Link	Load	Size
C:\Program Files (x86)\Microchip\xc8\v1.20\sources\pic18\plib\Flash\ReadFlash.c
		_ReadFlash     		CODE           	7C1A	0000	90

C:\Program Files (x86)\Microchip\xc8\v1.20\sources\pic18\plib\Flash\ReadFlash.c estimated size: 90

shared
		_conf_desc_0   		SMALLCONST     	2004	0000	32
		__initializatio		CODE           	7A54	0000	12
		_string_desc_1 		SMALLCONST     	2036	0000	15
		_dev_desc      		SMALLCONST     	2024	0000	18

shared estimated size: 77

C:/Users/rudarobson/Documents/GitHub/Leonino/PIC/Libraries.X/src/leonino/usb/ep0.c
		_ep0_in_handler		CODE           	79F0	0000	6
		_ep0_entry_poin		CODE           	7BDC	0000	62
		_ep0_in_handler		CODE           	7AB8	0000	26
		_ep0_in_handler		CODE           	7DAE	0000	114
		_ep0_in_handler		CODE           	7A0A	0000	10
		_ep0_out_handle		CODE           	7A9E	0000	26
		_ep0_configure 		CODE           	7D40	0000	110
		_ep0_handle_sta		CODE           	7CD6	0000	106
		_ep0_handle_set		CODE           	7E20	0000	480

C:/Users/rudarobson/Documents/GitHub/Leonino/PIC/Libraries.X/src/leonino/usb/ep0.c estimated size: 940

C:/Users/rudarobson/Documents/GitHub/Leonino/PIC/Libraries.X/src/leonino/usb/ep1.c
		_ep1_entry_poin		CODE           	79EC	0000	2
		_ep1_unconfigur		CODE           	7A6A	0000	26
		_ep1_configure 		CODE           	7B9E	0000	62

C:/Users/rudarobson/Documents/GitHub/Leonino/PIC/Libraries.X/src/leonino/usb/ep1.c estimated size: 90

C:/Users/rudarobson/Documents/GitHub/Leonino/PIC/Libraries.X/src/leonino/usb/ep2.c
		_ep2_configure_		CODE           	7A14	0000	10
		_ep2_unconfigur		CODE           	79F6	0000	10
		_ep2_entry_poin		CODE           	7AF0	0000	38
		_ep2_unconfigur		CODE           	7A3E	0000	22
		_ep2_configure 		CODE           	7B68	0000	54
		_ep2_prepare_re		CODE           	7B16	0000	40

C:/Users/rudarobson/Documents/GitHub/Leonino/PIC/Libraries.X/src/leonino/usb/ep2.c estimated size: 174

src/main.C
		_read          		CODE           	79EE	0000	2
		_main          		CODE           	7AD2	0000	30

src/main.C estimated size: 32

C:/Users/rudarobson/Documents/GitHub/Leonino/PIC/Libraries.X/src/leonino/usb/usb.c
		_usb_handle    		CODE           	7C74	0000	98
		_usb_configure_		CODE           	7A1E	0000	14
		_usb_start     		CODE           	7B3E	0000	42
		_usb_device_con		CODE           	7A2C	0000	18
		_usb_disable   		CODE           	7A00	0000	10
		_usb_reset     		CODE           	7A84	0000	26

C:/Users/rudarobson/Documents/GitHub/Leonino/PIC/Libraries.X/src/leonino/usb/usb.c estimated size: 208

